 driver_base

 Timestamp is 6044ffda (Sun Mar  7 18:31:22 2021)

 Preferred load address is 0000000140000000

 Start         Length     Name                   Class
 0001:00000000 000006f0H .text$mn                CODE
 0001:000006f0 0000001aH .text$s                 CODE
 0002:00000000 00000438H .rdata                  DATA
 0002:00000438 00000140H .rdata$zzzdbg           DATA
 0002:00000578 00000088H .xdata                  DATA
 0003:00000000 00000020H .data                   DATA
 0003:00000020 00000100H .bss                    DATA
 0004:00000000 00000054H .pdata                  DATA
 0005:00000000 00000049H .edata                  DATA

  Address         Publics by Value              Rva+Base               Lib:Object

 0000:00000000       __arm64x_redirection_metadata 0000000000000000     <absolute>
 0000:00000000       ___safe_se_handler_table   0000000000000000     <absolute>
 0000:00000000       __guard_longjmp_table      0000000000000000     <absolute>
 0000:00000000       __hybrid_code_map_count    0000000000000000     <absolute>
 0000:00000000       __x64_code_ranges_to_entry_points 0000000000000000     <absolute>
 0000:00000000       __arm64x_native_entrypoint 0000000000000000     <absolute>
 0000:00000000       __guard_eh_cont_table      0000000000000000     <absolute>
 0000:00000000       __guard_eh_cont_count      0000000000000000     <absolute>
 0000:00000000       __enclave_config           0000000000000000     <absolute>
 0000:00000000       __arm64x_redirection_metadata_count 0000000000000000     <absolute>
 0000:00000000       __guard_iat_table          0000000000000000     <absolute>
 0000:00000000       __guard_fids_count         0000000000000000     <absolute>
 0000:00000000       __guard_fids_table         0000000000000000     <absolute>
 0000:00000000       __guard_iat_count          0000000000000000     <absolute>
 0000:00000000       __guard_longjmp_count      0000000000000000     <absolute>
 0000:00000000       __AbsoluteZero             0000000000000000     <absolute>
 0000:00000000       ___safe_se_handler_count   0000000000000000     <absolute>
 0000:00000000       __arm64x_extra_rfe_table_size 0000000000000000     <absolute>
 0000:00000000       __volatile_metadata        0000000000000000     <absolute>
 0000:00000000       __dynamic_value_reloc_table 0000000000000000     <absolute>
 0000:00000000       __x64_code_ranges_to_entry_points_count 0000000000000000     <absolute>
 0000:00000000       __arm64x_extra_rfe_table   0000000000000000     <absolute>
 0000:00000000       __hybrid_code_map          0000000000000000     <absolute>
 0000:00000000       __hybrid_auxiliary_iat     0000000000000000     <absolute>
 0000:00000100       __guard_flags              0000000000000100     <absolute>
 0001:00000000       crc32                      0000000140001000 f   crc32.obj
 0001:0000003c       DriverEntry                000000014000103c f   main.obj
 0001:00000118       GetProcAddressQ            0000000140001118 f   main.obj
 0001:000001c8       GetSystemBaseAddressQ      00000001400011c8 f   main.obj
 0001:0000022c       LoadExports                000000014000122c f   main.obj
 0001:000005d4       MemCopyWP                  00000001400015d4 f   main.obj
 0001:00000694       NotifyRoutine              0000000140001694 f   main.obj
 0001:000006c4       NtSleep                    00000001400016c4 f   main.obj
 0001:000006f0       ??_C@_0BK@GOPOECCA@?$FL?$CL?$FN?5called?5from?5TID?3?5?$CFld?6@FNODOBFM@ 00000001400016f0     main.obj
 0003:00000000       g_encryption_key           0000000140003000     main.obj
 0003:00000020       _memcpy                    0000000140003020     <common>
 0003:00000028       _MmUnmapLockedPages        0000000140003028     <common>
 0003:00000030       _IoFreeMdl                 0000000140003030     <common>
 0003:00000038       _MmUnlockPages             0000000140003038     <common>
 0003:00000040       _MmMapLockedPagesSpecifyCache 0000000140003040     <common>
 0003:00000048       _MmProbeAndLockPages       0000000140003048     <common>
 0003:00000050       _IoAllocateMdl             0000000140003050     <common>
 0003:00000060       qwerty                     0000000140003060     <common>
 0003:00000088       _ZwClose                   0000000140003088     <common>
 0003:00000090       _PsGetThreadExitStatus     0000000140003090     <common>
 0003:00000098       _PsLookupThreadByThreadId  0000000140003098     <common>
 0003:000000a0       _PsGetThreadId             00000001400030a0     <common>
 0003:000000a8       _IofCallDriver             00000001400030a8     <common>
 0003:000000b0       _IoBuildDeviceIoControlRequest 00000001400030b0     <common>
 0003:000000b8       _IoDriverObjectType        00000001400030b8     <common>
 0003:000000c0       _ObReferenceObjectByName   00000001400030c0     <common>
 0003:000000c8       _DbgPrint                  00000001400030c8     <common>
 0003:000000d0       _ExFreePoolWithTag         00000001400030d0     <common>
 0003:000000d8       _ExAllocatePoolWithTag     00000001400030d8     <common>
 0003:000000e0       _RtlRandomEx               00000001400030e0     <common>
 0003:000000e8       _MmCopyMemory              00000001400030e8     <common>
 0003:000000f0       _MmUnmapIoSpace            00000001400030f0     <common>
 0003:000000f8       _MmMapIoSpace              00000001400030f8     <common>
 0003:00000100       _PsCreateSystemThread      0000000140003100     <common>
 0003:00000108       _KeDelayExecutionThread    0000000140003108     <common>
 0003:00000110       _RtlInitUnicodeString      0000000140003110     <common>
 0003:00000118       _PsInitialSystemProcess    0000000140003118     <common>

 entry point at        0001:0000003c

 Static symbols

 0000:ffffa000       .debug$S                   0000000140000000     driver_base.exp
 0002:00000000       crc32_table                0000000140002000     crc32.obj
 0002:00000578       $unwind$LoadExports        0000000140002578     main.obj
 0002:00000584       $unwind$GetSystemBaseAddressQ 0000000140002584     main.obj
 0002:0000059c       $unwind$MemCopyWP          000000014000259c     main.obj
 0002:000005b8       $unwind$NtSleep            00000001400025b8     main.obj
 0002:000005c4       $unwind$NotifyRoutine      00000001400025c4     main.obj
 0002:000005cc       $unwind$DriverEntry        00000001400025cc     main.obj
 0002:000005e0       $unwind$GetProcAddressQ    00000001400025e0     main.obj
 0005:00000000       .edata                     0000000140005000     driver_base.exp
 0005:00000028       rgpv                       0000000140005028     driver_base.exp
 0005:0000002c       rgszName                   000000014000502c     driver_base.exp
 0005:00000030       rgwOrd                     0000000140005030     driver_base.exp
 0005:00000032       szName                     0000000140005032     driver_base.exp
 0005:00000042       $N00001                    0000000140005042     driver_base.exp
